Total messages: 22 (Errors: 3, Warnings: 1)

[INFO] %cDownload the React DevTools for a better development experience: https://react.dev/link/react-devtools font-weight:bold @ http://host.docker.internal:3000/_next/static/chunks/node_modules_next_dist_f3530cac._.js:2297
[LOG] [HMR] connected @ http://host.docker.internal:3000/_next/static/chunks/node_modules_next_dist_f3530cac._.js:2297
[WARNING] WebCrypto API is not supported. Code challenge method will default to use plain instead of sha256. @ http://host.docker.internal:3000/_next/static/chunks/node_modules_next_dist_f3530cac._.js:2297
[LOG] [Fast Refresh] rebuilding @ http://host.docker.internal:3000/_next/static/chunks/node_modules_next_dist_f3530cac._.js:2297
[LOG] [Fast Refresh] done in 140ms @ http://host.docker.internal:3000/_next/static/chunks/node_modules_next_dist_f3530cac._.js:2297
[LOG] [Fast Refresh] rebuilding @ http://host.docker.internal:3000/_next/static/chunks/node_modules_next_dist_f3530cac._.js:2297
[LOG] [Fast Refresh] done in 140ms @ http://host.docker.internal:3000/_next/static/chunks/node_modules_next_dist_f3530cac._.js:2297
[LOG] [Fast Refresh] rebuilding @ http://host.docker.internal:3000/_next/static/chunks/node_modules_next_dist_f3530cac._.js:2297
[LOG] [Fast Refresh] done in 116ms @ http://host.docker.internal:3000/_next/static/chunks/node_modules_next_dist_f3530cac._.js:2297
[LOG] [Fast Refresh] rebuilding @ http://host.docker.internal:3000/_next/static/chunks/node_modules_next_dist_f3530cac._.js:2297
[LOG] [Fast Refresh] done in 104ms @ http://host.docker.internal:3000/_next/static/chunks/node_modules_next_dist_f3530cac._.js:2297
[LOG] [Fast Refresh] rebuilding @ http://host.docker.internal:3000/_next/static/chunks/node_modules_next_dist_f3530cac._.js:2297
[LOG] [Fast Refresh] done in 103ms @ http://host.docker.internal:3000/_next/static/chunks/node_modules_next_dist_f3530cac._.js:2297
[LOG] [Fast Refresh] rebuilding @ http://host.docker.internal:3000/_next/static/chunks/node_modules_next_dist_f3530cac._.js:2297
[LOG] [Fast Refresh] done in 137ms @ http://host.docker.internal:3000/_next/static/chunks/node_modules_next_dist_f3530cac._.js:2297
[LOG] [Fast Refresh] rebuilding @ http://host.docker.internal:3000/_next/static/chunks/node_modules_next_dist_f3530cac._.js:2297
[LOG] [Fast Refresh] done in 108ms @ http://host.docker.internal:3000/_next/static/chunks/node_modules_next_dist_f3530cac._.js:2297
[ERROR] Failed to load resource: the server responded with a status of 400 (Bad Request) @ http://host.docker.internal:3000/api/automations:0
[ERROR] Failed to load resource: the server responded with a status of 400 (Bad Request) @ http://host.docker.internal:3000/api/automations:0
[LOG] [Fast Refresh] rebuilding @ http://host.docker.internal:3000/_next/static/chunks/node_modules_next_dist_f3530cac._.js:2297
[LOG] [Fast Refresh] done in 118ms @ http://host.docker.internal:3000/_next/static/chunks/node_modules_next_dist_f3530cac._.js:2297
[ERROR] Failed to load resource: the server responded with a status of 400 (Bad Request) @ http://host.docker.internal:3000/api/automations:0